2025-12-29 01:26:14,379 - aqt.main - INFO - installer 139948311088000 aqtinstall(aqt) v3.1.21 on Python 3.11.14 [CPython GCC 13.3.0]
2025-12-29 01:26:14,380 - aqt.helper - DEBUG - helper 139948311088000 Attempt to download checksum at https://download.qt.io/online/qtsdkrepository/linux_x64/desktop/qt6_683/qt6_683/Updates.xml.sha256
2025-12-29 01:26:15,803 - aqt.helper - DEBUG - helper 139948311088000 Attempt to download checksum at https://download.qt.io/online/qtsdkrepository/linux_x64/extensions/qtwebengine/683/x86_64/Updates.xml.sha256
2025-12-29 01:26:17,200 - aqt.archives - INFO - archives 139948311088000 Found extension qtwebengine
2025-12-29 01:26:17,201 - aqt.helper - DEBUG - helper 139948311088000 Attempt to download checksum at https://download.qt.io/online/qtsdkrepository/linux_x64/extensions/qtpdf/683/x86_64/Updates.xml.sha256
2025-12-29 01:26:18,625 - aqt.archives - INFO - archives 139948311088000 Found extension qtpdf
2025-12-29 01:26:19,166 - aqt.helper - DEBUG - helper 139845772671872 Attempt to download checksum at https://download.qt.io/online/qtsdkrepository/linux_x64/desktop/qt6_683/qt6_683/qt.qt6.683.linux_gcc_64/6.8.3-0-202503201345qtbase-Linux-RHEL_8_10-GCC-Linux-RHEL_8_10-X86_64.7z.sha256
2025-12-29 01:26:19,171 - aqt.helper - DEBUG - helper 140109798456192 Attempt to download checksum at https://download.qt.io/online/qtsdkrepository/linux_x64/desktop/qt6_683/qt6_683/qt.qt6.683.linux_gcc_64/6.8.3-0-202503201345qtsvg-Linux-RHEL_8_10-GCC-Linux-RHEL_8_10-X86_64.7z.sha256
2025-12-29 01:26:19,175 - aqt.helper - DEBUG - helper 139753417059200 Attempt to download checksum at https://download.qt.io/online/qtsdkrepository/linux_x64/desktop/qt6_683/qt6_683/qt.qt6.683.linux_gcc_64/6.8.3-0-202503201345qttools-Linux-RHEL_8_10-GCC-Linux-RHEL_8_10-X86_64.7z.sha256
2025-12-29 01:26:19,176 - aqt.helper - DEBUG - helper 139680392166272 Attempt to download checksum at https://download.qt.io/online/qtsdkrepository/linux_x64/desktop/qt6_683/qt6_683/qt.qt6.683.linux_gcc_64/6.8.3-0-202503201345qtdeclarative-Linux-RHEL_8_10-GCC-Linux-RHEL_8_10-X86_64.7z.sha256
2025-12-29 01:26:19,832 - aqt.helper - INFO - helper 139680392166272 Downloading qtdeclarative...
2025-12-29 01:26:19,832 - aqt.installer - DEBUG - installer 139680392166272 Download URL: https://download.qt.io/online/qtsdkrepository/linux_x64/desktop/qt6_683/qt6_683/qt.qt6.683.linux_gcc_64/6.8.3-0-202503201345qtdeclarative-Linux-RHEL_8_10-GCC-Linux-RHEL_8_10-X86_64.7z
2025-12-29 01:26:19,835 - aqt.helper - INFO - helper 139845772671872 Downloading qtbase...
2025-12-29 01:26:19,835 - aqt.installer - DEBUG - installer 139845772671872 Download URL: https://download.qt.io/online/qtsdkrepository/linux_x64/desktop/qt6_683/qt6_683/qt.qt6.683.linux_gcc_64/6.8.3-0-202503201345qtbase-Linux-RHEL_8_10-GCC-Linux-RHEL_8_10-X86_64.7z
2025-12-29 01:26:19,911 - aqt.helper - INFO - helper 139753417059200 Downloading qttools...
2025-12-29 01:26:19,912 - aqt.installer - DEBUG - installer 139753417059200 Download URL: https://download.qt.io/online/qtsdkrepository/linux_x64/desktop/qt6_683/qt6_683/qt.qt6.683.linux_gcc_64/6.8.3-0-202503201345qttools-Linux-RHEL_8_10-GCC-Linux-RHEL_8_10-X86_64.7z
2025-12-29 01:26:19,922 - aqt.helper - INFO - helper 140109798456192 Downloading qtsvg...
2025-12-29 01:26:19,923 - aqt.installer - DEBUG - installer 140109798456192 Download URL: https://download.qt.io/online/qtsdkrepository/linux_x64/desktop/qt6_683/qt6_683/qt.qt6.683.linux_gcc_64/6.8.3-0-202503201345qtsvg-Linux-RHEL_8_10-GCC-Linux-RHEL_8_10-X86_64.7z
2025-12-29 01:26:20,661 - aqt.helper - DEBUG - helper 139680392166272 Asked to redirect(302) to: https://qt.mirror.constant.com/online/qtsdkrepository/linux_x64/desktop/qt6_683/qt6_683/qt.qt6.683.linux_gcc_64/6.8.3-0-202503201345qtdeclarative-Linux-RHEL_8_10-GCC-Linux-RHEL_8_10-X86_64.7z
2025-12-29 01:26:20,661 - aqt.helper - DEBUG - helper 140109798456192 Asked to redirect(302) to: https://qt.mirror.constant.com/online/qtsdkrepository/linux_x64/desktop/qt6_683/qt6_683/qt.qt6.683.linux_gcc_64/6.8.3-0-202503201345qtsvg-Linux-RHEL_8_10-GCC-Linux-RHEL_8_10-X86_64.7z
2025-12-29 01:26:20,661 - aqt.helper - INFO - helper 140109798456192 Redirected: qt.mirror.constant.com
2025-12-29 01:26:20,661 - aqt.helper - INFO - helper 139680392166272 Redirected: qt.mirror.constant.com
2025-12-29 01:26:20,730 - aqt.helper - DEBUG - helper 139845772671872 Asked to redirect(302) to: https://qt.mirror.constant.com/online/qtsdkrepository/linux_x64/desktop/qt6_683/qt6_683/qt.qt6.683.linux_gcc_64/6.8.3-0-202503201345qtbase-Linux-RHEL_8_10-GCC-Linux-RHEL_8_10-X86_64.7z
2025-12-29 01:26:20,730 - aqt.helper - INFO - helper 139845772671872 Redirected: qt.mirror.constant.com
2025-12-29 01:26:20,732 - aqt.helper - DEBUG - helper 139753417059200 Asked to redirect(302) to: https://qt.mirror.constant.com/online/qtsdkrepository/linux_x64/desktop/qt6_683/qt6_683/qt.qt6.683.linux_gcc_64/6.8.3-0-202503201345qttools-Linux-RHEL_8_10-GCC-Linux-RHEL_8_10-X86_64.7z
2025-12-29 01:26:20,732 - aqt.helper - INFO - helper 139753417059200 Redirected: qt.mirror.constant.com
2025-12-29 01:26:21,402 - aqt.installer - INFO - installer 140109798456192 Finished installation of qtsvg-Linux-RHEL_8_10-GCC-Linux-RHEL_8_10-X86_64.7z in 2.23303368
2025-12-29 01:26:21,412 - aqt.helper - DEBUG - helper 140109798456192 Attempt to download checksum at https://download.qt.io/online/qtsdkrepository/linux_x64/desktop/qt6_683/qt6_683/qt.qt6.683.linux_gcc_64/6.8.3-0-202503201345qttranslations-Linux-RHEL_8_10-GCC-Linux-RHEL_8_10-X86_64.7z.sha256
2025-12-29 01:26:22,068 - aqt.helper - INFO - helper 140109798456192 Downloading qttranslations...
2025-12-29 01:26:22,068 - aqt.installer - DEBUG - installer 140109798456192 Download URL: https://download.qt.io/online/qtsdkrepository/linux_x64/desktop/qt6_683/qt6_683/qt.qt6.683.linux_gcc_64/6.8.3-0-202503201345qttranslations-Linux-RHEL_8_10-GCC-Linux-RHEL_8_10-X86_64.7z
2025-12-29 01:26:22,799 - aqt.helper - DEBUG - helper 140109798456192 Asked to redirect(302) to: https://qt.mirror.constant.com/online/qtsdkrepository/linux_x64/desktop/qt6_683/qt6_683/qt.qt6.683.linux_gcc_64/6.8.3-0-202503201345qttranslations-Linux-RHEL_8_10-GCC-Linux-RHEL_8_10-X86_64.7z
2025-12-29 01:26:22,799 - aqt.helper - INFO - helper 140109798456192 Redirected: qt.mirror.constant.com
2025-12-29 01:26:23,703 - aqt.installer - INFO - installer 140109798456192 Finished installation of qttranslations-Linux-RHEL_8_10-GCC-Linux-RHEL_8_10-X86_64.7z in 2.29188515
2025-12-29 01:26:23,715 - aqt.helper - DEBUG - helper 140109798456192 Attempt to download checksum at https://download.qt.io/online/qtsdkrepository/linux_x64/desktop/qt6_683/qt6_683/qt.qt6.683.linux_gcc_64/6.8.3-0-202503201345qtwayland-Linux-RHEL_8_10-GCC-Linux-RHEL_8_10-X86_64.7z.sha256
2025-12-29 01:26:24,393 - aqt.helper - INFO - helper 140109798456192 Downloading qtwayland...
2025-12-29 01:26:24,393 - aqt.installer - DEBUG - installer 140109798456192 Download URL: https://download.qt.io/online/qtsdkrepository/linux_x64/desktop/qt6_683/qt6_683/qt.qt6.683.linux_gcc_64/6.8.3-0-202503201345qtwayland-Linux-RHEL_8_10-GCC-Linux-RHEL_8_10-X86_64.7z
2025-12-29 01:26:24,702 - aqt.installer - INFO - installer 139845772671872 Finished installation of qtbase-Linux-RHEL_8_10-GCC-Linux-RHEL_8_10-X86_64.7z in 5.53892139
2025-12-29 01:26:24,718 - aqt.helper - DEBUG - helper 139845772671872 Attempt to download checksum at https://download.qt.io/online/qtsdkrepository/linux_x64/desktop/qt6_683/qt6_683/qt.qt6.683.linux_gcc_64/6.8.3-0-202503201345icu-linux-Rhel8.6-x86_64.7z.sha256
2025-12-29 01:26:25,125 - aqt.helper - DEBUG - helper 140109798456192 Asked to redirect(302) to: https://qt.mirror.constant.com/online/qtsdkrepository/linux_x64/desktop/qt6_683/qt6_683/qt.qt6.683.linux_gcc_64/6.8.3-0-202503201345qtwayland-Linux-RHEL_8_10-GCC-Linux-RHEL_8_10-X86_64.7z
2025-12-29 01:26:25,125 - aqt.helper - INFO - helper 140109798456192 Redirected: qt.mirror.constant.com
2025-12-29 01:26:25,385 - aqt.helper - INFO - helper 139845772671872 Downloading icu...
2025-12-29 01:26:25,386 - aqt.installer - DEBUG - installer 139845772671872 Download URL: https://download.qt.io/online/qtsdkrepository/linux_x64/desktop/qt6_683/qt6_683/qt.qt6.683.linux_gcc_64/6.8.3-0-202503201345icu-linux-Rhel8.6-x86_64.7z
2025-12-29 01:26:25,931 - aqt.installer - INFO - installer 140109798456192 Finished installation of qtwayland-Linux-RHEL_8_10-GCC-Linux-RHEL_8_10-X86_64.7z in 2.21702916
2025-12-29 01:26:26,140 - aqt.helper - DEBUG - helper 139845772671872 Asked to redirect(302) to: https://qt.mirror.constant.com/online/qtsdkrepository/linux_x64/desktop/qt6_683/qt6_683/qt.qt6.683.linux_gcc_64/6.8.3-0-202503201345icu-linux-Rhel8.6-x86_64.7z
2025-12-29 01:26:26,140 - aqt.helper - INFO - helper 139845772671872 Redirected: qt.mirror.constant.com
2025-12-29 01:26:27,722 - aqt.installer - INFO - installer 139845772671872 Finished installation of icu-linux-Rhel8.6-x86_64.7z in 3.00541317
2025-12-29 01:26:28,131 - aqt.installer - INFO - installer 139753417059200 Finished installation of qttools-Linux-RHEL_8_10-GCC-Linux-RHEL_8_10-X86_64.7z in 8.95748790
2025-12-29 01:26:42,481 - aqt.installer - INFO - installer 139680392166272 Finished installation of qtdeclarative-Linux-RHEL_8_10-GCC-Linux-RHEL_8_10-X86_64.7z in 23.30599675
2025-12-29 01:26:42,565 - aqt.updater - INFO - updater 139948311088000 Patching /home/runner/work/FreeCAD/Qt/6.8.3/gcc_64/bin/qmake
2025-12-29 01:26:42,569 - aqt.updater - INFO - updater 139948311088000 Patching /home/runner/work/FreeCAD/Qt/6.8.3/gcc_64/lib/pkgconfig/Qt6Sql.pc
2025-12-29 01:26:42,569 - aqt.updater - INFO - updater 139948311088000 Patching /home/runner/work/FreeCAD/Qt/6.8.3/gcc_64/lib/pkgconfig/Qt6Core.pc
2025-12-29 01:26:42,569 - aqt.updater - INFO - updater 139948311088000 Patching /home/runner/work/FreeCAD/Qt/6.8.3/gcc_64/lib/pkgconfig/Qt6SvgWidgets.pc
2025-12-29 01:26:42,569 - aqt.updater - INFO - updater 139948311088000 Patching /home/runner/work/FreeCAD/Qt/6.8.3/gcc_64/lib/pkgconfig/Qt6DBus.pc
2025-12-29 01:26:42,570 - aqt.updater - INFO - updater 139948311088000 Patching /home/runner/work/FreeCAD/Qt/6.8.3/gcc_64/lib/pkgconfig/Qt6Platform.pc
2025-12-29 01:26:42,570 - aqt.updater - INFO - updater 139948311088000 Patching /home/runner/work/FreeCAD/Qt/6.8.3/gcc_64/lib/pkgconfig/Qt6Qml.pc
2025-12-29 01:26:42,570 - aqt.updater - INFO - updater 139948311088000 Patching /home/runner/work/FreeCAD/Qt/6.8.3/gcc_64/lib/pkgconfig/Qt6UiPlugin.pc
2025-12-29 01:26:42,570 - aqt.updater - INFO - updater 139948311088000 Patching /home/runner/work/FreeCAD/Qt/6.8.3/gcc_64/lib/pkgconfig/Qt6QuickControls2UniversalStyleImpl.pc
2025-12-29 01:26:42,571 - aqt.updater - INFO - updater 139948311088000 Patching /home/runner/work/FreeCAD/Qt/6.8.3/gcc_64/lib/pkgconfig/Qt6QuickControls2BasicStyleImpl.pc
2025-12-29 01:26:42,571 - aqt.updater - INFO - updater 139948311088000 Patching /home/runner/work/FreeCAD/Qt/6.8.3/gcc_64/lib/pkgconfig/Qt6QuickControls2.pc
2025-12-29 01:26:42,571 - aqt.updater - INFO - updater 139948311088000 Patching /home/runner/work/FreeCAD/Qt/6.8.3/gcc_64/lib/pkgconfig/Qt6QuickControls2Fusion.pc
2025-12-29 01:26:42,571 - aqt.updater - INFO - updater 139948311088000 Patching /home/runner/work/FreeCAD/Qt/6.8.3/gcc_64/lib/pkgconfig/Qt6Network.pc
2025-12-29 01:26:42,572 - aqt.updater - INFO - updater 139948311088000 Patching /home/runner/work/FreeCAD/Qt/6.8.3/gcc_64/lib/pkgconfig/Qt6Help.pc
2025-12-29 01:26:42,572 - aqt.updater - INFO - updater 139948311088000 Patching /home/runner/work/FreeCAD/Qt/6.8.3/gcc_64/lib/pkgconfig/Qt6LabsWavefrontMesh.pc
2025-12-29 01:26:42,572 - aqt.updater - INFO - updater 139948311088000 Patching /home/runner/work/FreeCAD/Qt/6.8.3/gcc_64/lib/pkgconfig/Qt6QuickWidgets.pc
2025-12-29 01:26:42,572 - aqt.updater - INFO - updater 139948311088000 Patching /home/runner/work/FreeCAD/Qt/6.8.3/gcc_64/lib/pkgconfig/Qt6QuickDialogs2.pc
2025-12-29 01:26:42,573 - aqt.updater - INFO - updater 139948311088000 Patching /home/runner/work/FreeCAD/Qt/6.8.3/gcc_64/lib/pkgconfig/Qt6QuickControls2Material.pc
2025-12-29 01:26:42,573 - aqt.updater - INFO - updater 139948311088000 Patching /home/runner/work/FreeCAD/Qt/6.8.3/gcc_64/lib/pkgconfig/Qt6Xml.pc
2025-12-29 01:26:42,573 - aqt.updater - INFO - updater 139948311088000 Patching /home/runner/work/FreeCAD/Qt/6.8.3/gcc_64/lib/pkgconfig/Qt6QuickTemplates2.pc
2025-12-29 01:26:42,573 - aqt.updater - INFO - updater 139948311088000 Patching /home/runner/work/FreeCAD/Qt/6.8.3/gcc_64/lib/pkgconfig/Qt6UiTools.pc
2025-12-29 01:26:42,574 - aqt.updater - INFO - updater 139948311088000 Patching /home/runner/work/FreeCAD/Qt/6.8.3/gcc_64/lib/pkgconfig/Qt6Gui.pc
2025-12-29 01:26:42,574 - aqt.updater - INFO - updater 139948311088000 Patching /home/runner/work/FreeCAD/Qt/6.8.3/gcc_64/lib/pkgconfig/Qt6QuickControls2FluentWinUI3StyleImpl.pc
2025-12-29 01:26:42,574 - aqt.updater - INFO - updater 139948311088000 Patching /home/runner/work/FreeCAD/Qt/6.8.3/gcc_64/lib/pkgconfig/Qt6Designer.pc
2025-12-29 01:26:42,574 - aqt.updater - INFO - updater 139948311088000 Patching /home/runner/work/FreeCAD/Qt/6.8.3/gcc_64/lib/pkgconfig/Qt6QuickLayouts.pc
2025-12-29 01:26:42,574 - aqt.updater - INFO - updater 139948311088000 Patching /home/runner/work/FreeCAD/Qt/6.8.3/gcc_64/lib/pkgconfig/Qt6QmlIntegration.pc
2025-12-29 01:26:42,575 - aqt.updater - INFO - updater 139948311088000 Patching /home/runner/work/FreeCAD/Qt/6.8.3/gcc_64/lib/pkgconfig/Qt6PrintSupport.pc
2025-12-29 01:26:42,575 - aqt.updater - INFO - updater 139948311088000 Patching /home/runner/work/FreeCAD/Qt/6.8.3/gcc_64/lib/pkgconfig/Qt6LabsAnimation.pc
2025-12-29 01:26:42,575 - aqt.updater - INFO - updater 139948311088000 Patching /home/runner/work/FreeCAD/Qt/6.8.3/gcc_64/lib/pkgconfig/Qt6LabsSettings.pc
2025-12-29 01:26:42,575 - aqt.updater - INFO - updater 139948311088000 Patching /home/runner/work/FreeCAD/Qt/6.8.3/gcc_64/lib/pkgconfig/Qt6QuickControls2Universal.pc
2025-12-29 01:26:42,576 - aqt.updater - INFO - updater 139948311088000 Patching /home/runner/work/FreeCAD/Qt/6.8.3/gcc_64/lib/pkgconfig/Qt6Linguist.pc
2025-12-29 01:26:42,576 - aqt.updater - INFO - updater 139948311088000 Patching /home/runner/work/FreeCAD/Qt/6.8.3/gcc_64/lib/pkgconfig/Qt6QmlNetwork.pc
2025-12-29 01:26:42,576 - aqt.updater - INFO - updater 139948311088000 Patching /home/runner/work/FreeCAD/Qt/6.8.3/gcc_64/lib/pkgconfig/Qt6LabsFolderListModel.pc
2025-12-29 01:26:42,576 - aqt.updater - INFO - updater 139948311088000 Patching /home/runner/work/FreeCAD/Qt/6.8.3/gcc_64/lib/pkgconfig/Qt6QmlAssetDownloader.pc
2025-12-29 01:26:42,577 - aqt.updater - INFO - updater 139948311088000 Patching /home/runner/work/FreeCAD/Qt/6.8.3/gcc_64/lib/pkgconfig/Qt6QmlXmlListModel.pc
2025-12-29 01:26:42,577 - aqt.updater - INFO - updater 139948311088000 Patching /home/runner/work/FreeCAD/Qt/6.8.3/gcc_64/lib/pkgconfig/Qt6Concurrent.pc
2025-12-29 01:26:42,577 - aqt.updater - INFO - updater 139948311088000 Patching /home/runner/work/FreeCAD/Qt/6.8.3/gcc_64/lib/pkgconfig/Qt6OpenGL.pc
2025-12-29 01:26:42,577 - aqt.updater - INFO - updater 139948311088000 Patching /home/runner/work/FreeCAD/Qt/6.8.3/gcc_64/lib/pkgconfig/Qt6LabsQmlModels.pc
2025-12-29 01:26:42,578 - aqt.updater - INFO - updater 139948311088000 Patching /home/runner/work/FreeCAD/Qt/6.8.3/gcc_64/lib/pkgconfig/Qt6QuickVectorImage.pc
2025-12-29 01:26:42,578 - aqt.updater - INFO - updater 139948311088000 Patching /home/runner/work/FreeCAD/Qt/6.8.3/gcc_64/lib/pkgconfig/Qt6QuickControls2Imagine.pc
2025-12-29 01:26:42,578 - aqt.updater - INFO - updater 139948311088000 Patching /home/runner/work/FreeCAD/Qt/6.8.3/gcc_64/lib/pkgconfig/Qt6WaylandClient.pc
2025-12-29 01:26:42,578 - aqt.updater - INFO - updater 139948311088000 Patching /home/runner/work/FreeCAD/Qt/6.8.3/gcc_64/lib/pkgconfig/Qt6Svg.pc
2025-12-29 01:26:42,578 - aqt.updater - INFO - updater 139948311088000 Patching /home/runner/work/FreeCAD/Qt/6.8.3/gcc_64/lib/pkgconfig/Qt6QuickControls2MaterialStyleImpl.pc
2025-12-29 01:26:42,579 - aqt.updater - INFO - updater 139948311088000 Patching /home/runner/work/FreeCAD/Qt/6.8.3/gcc_64/lib/pkgconfig/Qt6QmlMeta.pc
2025-12-29 01:26:42,579 - aqt.updater - INFO - updater 139948311088000 Patching /home/runner/work/FreeCAD/Qt/6.8.3/gcc_64/lib/pkgconfig/Qt6Test.pc
2025-12-29 01:26:42,579 - aqt.updater - INFO - updater 139948311088000 Patching /home/runner/work/FreeCAD/Qt/6.8.3/gcc_64/lib/pkgconfig/Qt6Quick.pc
2025-12-29 01:26:42,579 - aqt.updater - INFO - updater 139948311088000 Patching /home/runner/work/FreeCAD/Qt/6.8.3/gcc_64/lib/pkgconfig/Qt6LabsPlatform.pc
2025-12-29 01:26:42,580 - aqt.updater - INFO - updater 139948311088000 Patching /home/runner/work/FreeCAD/Qt/6.8.3/gcc_64/lib/pkgconfig/Qt6QmlLocalStorage.pc
2025-12-29 01:26:42,580 - aqt.updater - INFO - updater 139948311088000 Patching /home/runner/work/FreeCAD/Qt/6.8.3/gcc_64/lib/pkgconfig/Qt6Widgets.pc
2025-12-29 01:26:42,580 - aqt.updater - INFO - updater 139948311088000 Patching /home/runner/work/FreeCAD/Qt/6.8.3/gcc_64/lib/pkgconfig/Qt6QmlCore.pc
2025-12-29 01:26:42,580 - aqt.updater - INFO - updater 139948311088000 Patching /home/runner/work/FreeCAD/Qt/6.8.3/gcc_64/lib/pkgconfig/Qt6LabsSharedImage.pc
2025-12-29 01:26:42,581 - aqt.updater - INFO - updater 139948311088000 Patching /home/runner/work/FreeCAD/Qt/6.8.3/gcc_64/lib/pkgconfig/Qt6OpenGLWidgets.pc
2025-12-29 01:26:42,581 - aqt.updater - INFO - updater 139948311088000 Patching /home/runner/work/FreeCAD/Qt/6.8.3/gcc_64/lib/pkgconfig/Qt6QuickControls2Impl.pc
2025-12-29 01:26:42,581 - aqt.updater - INFO - updater 139948311088000 Patching /home/runner/work/FreeCAD/Qt/6.8.3/gcc_64/lib/pkgconfig/Qt6QmlCompiler.pc
2025-12-29 01:26:42,581 - aqt.updater - INFO - updater 139948311088000 Patching /home/runner/work/FreeCAD/Qt/6.8.3/gcc_64/lib/pkgconfig/Qt6QuickDialogs2Utils.pc
2025-12-29 01:26:42,582 - aqt.updater - INFO - updater 139948311088000 Patching /home/runner/work/FreeCAD/Qt/6.8.3/gcc_64/lib/pkgconfig/Qt6QuickDialogs2QuickImpl.pc
2025-12-29 01:26:42,582 - aqt.updater - INFO - updater 139948311088000 Patching /home/runner/work/FreeCAD/Qt/6.8.3/gcc_64/lib/pkgconfig/Qt6QuickControls2Basic.pc
2025-12-29 01:26:42,582 - aqt.updater - INFO - updater 139948311088000 Patching /home/runner/work/FreeCAD/Qt/6.8.3/gcc_64/lib/pkgconfig/Qt6QuickControls2FusionStyleImpl.pc
2025-12-29 01:26:42,582 - aqt.updater - INFO - updater 139948311088000 Patching /home/runner/work/FreeCAD/Qt/6.8.3/gcc_64/lib/pkgconfig/Qt6QmlWorkerScript.pc
2025-12-29 01:26:42,582 - aqt.updater - INFO - updater 139948311088000 Patching /home/runner/work/FreeCAD/Qt/6.8.3/gcc_64/lib/pkgconfig/Qt6QuickTest.pc
2025-12-29 01:26:42,583 - aqt.updater - INFO - updater 139948311088000 Patching /home/runner/work/FreeCAD/Qt/6.8.3/gcc_64/lib/pkgconfig/Qt6QuickControls2ImagineStyleImpl.pc
2025-12-29 01:26:42,583 - aqt.updater - INFO - updater 139948311088000 Patching /home/runner/work/FreeCAD/Qt/6.8.3/gcc_64/lib/pkgconfig/Qt6QmlModels.pc
2025-12-29 01:26:42,584 - aqt.updater - INFO - updater 139948311088000 Patching /home/runner/work/FreeCAD/Qt/6.8.3/gcc_64/lib/libQt6Svg.prl
2025-12-29 01:26:42,584 - aqt.updater - INFO - updater 139948311088000 Patching /home/runner/work/FreeCAD/Qt/6.8.3/gcc_64/lib/libQt6OpenGL.prl
2025-12-29 01:26:42,584 - aqt.updater - INFO - updater 139948311088000 Patching /home/runner/work/FreeCAD/Qt/6.8.3/gcc_64/lib/libQt6QmlLocalStorage.prl
2025-12-29 01:26:42,585 - aqt.updater - INFO - updater 139948311088000 Patching /home/runner/work/FreeCAD/Qt/6.8.3/gcc_64/lib/libQt6QuickEffects.prl
2025-12-29 01:26:42,585 - aqt.updater - INFO - updater 139948311088000 Patching /home/runner/work/FreeCAD/Qt/6.8.3/gcc_64/lib/libQt6Gui.prl
2025-12-29 01:26:42,585 - aqt.updater - INFO - updater 139948311088000 Patching /home/runner/work/FreeCAD/Qt/6.8.3/gcc_64/lib/libQt6Network.prl
2025-12-29 01:26:42,585 - aqt.updater - INFO - updater 139948311088000 Patching /home/runner/work/FreeCAD/Qt/6.8.3/gcc_64/lib/libQt6QuickControls2FluentWinUI3StyleImpl.prl
2025-12-29 01:26:42,586 - aqt.updater - INFO - updater 139948311088000 Patching /home/runner/work/FreeCAD/Qt/6.8.3/gcc_64/lib/libQt6WaylandEglClientHwIntegration.prl
2025-12-29 01:26:42,586 - aqt.updater - INFO - updater 139948311088000 Patching /home/runner/work/FreeCAD/Qt/6.8.3/gcc_64/lib/libQt6Quick.prl
2025-12-29 01:26:42,586 - aqt.updater - INFO - updater 139948311088000 Patching /home/runner/work/FreeCAD/Qt/6.8.3/gcc_64/lib/libQt6QuickVectorImage.prl
2025-12-29 01:26:42,586 - aqt.updater - INFO - updater 139948311088000 Patching /home/runner/work/FreeCAD/Qt/6.8.3/gcc_64/lib/libQt6QuickControls2.prl
2025-12-29 01:26:42,587 - aqt.updater - INFO - updater 139948311088000 Patching /home/runner/work/FreeCAD/Qt/6.8.3/gcc_64/lib/libQt6QuickControls2BasicStyleImpl.prl
2025-12-29 01:26:42,587 - aqt.updater - INFO - updater 139948311088000 Patching /home/runner/work/FreeCAD/Qt/6.8.3/gcc_64/lib/libQt6QmlNetwork.prl
2025-12-29 01:26:42,587 - aqt.updater - INFO - updater 139948311088000 Patching /home/runner/work/FreeCAD/Qt/6.8.3/gcc_64/lib/libQt6ExampleIcons.prl
2025-12-29 01:26:42,587 - aqt.updater - INFO - updater 139948311088000 Patching /home/runner/work/FreeCAD/Qt/6.8.3/gcc_64/lib/libQt6WlShellIntegration.prl
2025-12-29 01:26:42,588 - aqt.updater - INFO - updater 139948311088000 Patching /home/runner/work/FreeCAD/Qt/6.8.3/gcc_64/lib/libQt6LabsQmlModels.prl
2025-12-29 01:26:42,588 - aqt.updater - INFO - updater 139948311088000 Patching /home/runner/work/FreeCAD/Qt/6.8.3/gcc_64/lib/libQt6QuickDialogs2.prl
2025-12-29 01:26:42,588 - aqt.updater - INFO - updater 139948311088000 Patching /home/runner/work/FreeCAD/Qt/6.8.3/gcc_64/lib/libQt6QuickVectorImageGenerator.prl
2025-12-29 01:26:42,588 - aqt.updater - INFO - updater 139948311088000 Patching /home/runner/work/FreeCAD/Qt/6.8.3/gcc_64/lib/libQt6DesignerComponents.prl
2025-12-29 01:26:42,588 - aqt.updater - INFO - updater 139948311088000 Patching /home/runner/work/FreeCAD/Qt/6.8.3/gcc_64/lib/libQt6FbSupport.prl
2025-12-29 01:26:42,589 - aqt.updater - INFO - updater 139948311088000 Patching /home/runner/work/FreeCAD/Qt/6.8.3/gcc_64/lib/libQt6SvgWidgets.prl
2025-12-29 01:26:42,589 - aqt.updater - INFO - updater 139948311088000 Patching /home/runner/work/FreeCAD/Qt/6.8.3/gcc_64/lib/libQt6QuickWidgets.prl
2025-12-29 01:26:42,589 - aqt.updater - INFO - updater 139948311088000 Patching /home/runner/work/FreeCAD/Qt/6.8.3/gcc_64/lib/libQt6QmlMeta.prl
2025-12-29 01:26:42,589 - aqt.updater - INFO - updater 139948311088000 Patching /home/runner/work/FreeCAD/Qt/6.8.3/gcc_64/lib/libQt6QmlWorkerScript.prl
2025-12-29 01:26:42,590 - aqt.updater - INFO - updater 139948311088000 Patching /home/runner/work/FreeCAD/Qt/6.8.3/gcc_64/lib/libQt6LabsFolderListModel.prl
2025-12-29 01:26:42,590 - aqt.updater - INFO - updater 139948311088000 Patching /home/runner/work/FreeCAD/Qt/6.8.3/gcc_64/lib/libQt6QuickDialogs2Utils.prl
2025-12-29 01:26:42,590 - aqt.updater - INFO - updater 139948311088000 Patching /home/runner/work/FreeCAD/Qt/6.8.3/gcc_64/lib/libQt6QuickControls2ImagineStyleImpl.prl
2025-12-29 01:26:42,590 - aqt.updater - INFO - updater 139948311088000 Patching /home/runner/work/FreeCAD/Qt/6.8.3/gcc_64/lib/libQt6QmlToolingSettings.prl
2025-12-29 01:26:42,590 - aqt.updater - INFO - updater 139948311088000 Patching /home/runner/work/FreeCAD/Qt/6.8.3/gcc_64/lib/libQt6QmlLS.prl
2025-12-29 01:26:42,591 - aqt.updater - INFO - updater 139948311088000 Patching /home/runner/work/FreeCAD/Qt/6.8.3/gcc_64/lib/libQt6QuickTest.prl
2025-12-29 01:26:42,591 - aqt.updater - INFO - updater 139948311088000 Patching /home/runner/work/FreeCAD/Qt/6.8.3/gcc_64/lib/libQt6QuickControlsTestUtils.prl
2025-12-29 01:26:42,591 - aqt.updater - INFO - updater 139948311088000 Patching /home/runner/work/FreeCAD/Qt/6.8.3/gcc_64/lib/libQt6Concurrent.prl
2025-12-29 01:26:42,591 - aqt.updater - INFO - updater 139948311088000 Patching /home/runner/work/FreeCAD/Qt/6.8.3/gcc_64/lib/libQt6KmsSupport.prl
2025-12-29 01:26:42,592 - aqt.updater - INFO - updater 139948311088000 Patching /home/runner/work/FreeCAD/Qt/6.8.3/gcc_64/lib/libQt6QuickControls2MaterialStyleImpl.prl
2025-12-29 01:26:42,592 - aqt.updater - INFO - updater 139948311088000 Patching /home/runner/work/FreeCAD/Qt/6.8.3/gcc_64/lib/libQt6Help.prl
2025-12-29 01:26:42,592 - aqt.updater - INFO - updater 139948311088000 Patching /home/runner/work/FreeCAD/Qt/6.8.3/gcc_64/lib/libQt6Xml.prl
2025-12-29 01:26:42,592 - aqt.updater - INFO - updater 139948311088000 Patching /home/runner/work/FreeCAD/Qt/6.8.3/gcc_64/lib/libQt6EglFsKmsGbmSupport.prl
2025-12-29 01:26:42,592 - aqt.updater - INFO - updater 139948311088000 Patching /home/runner/work/FreeCAD/Qt/6.8.3/gcc_64/lib/libQt6DBus.prl
2025-12-29 01:26:42,593 - aqt.updater - INFO - updater 139948311088000 Patching /home/runner/work/FreeCAD/Qt/6.8.3/gcc_64/lib/libQt6QuickDialogs2QuickImpl.prl
2025-12-29 01:26:42,593 - aqt.updater - INFO - updater 139948311088000 Patching /home/runner/work/FreeCAD/Qt/6.8.3/gcc_64/lib/libQt6EglFSDeviceIntegration.prl
2025-12-29 01:26:42,593 - aqt.updater - INFO - updater 139948311088000 Patching /home/runner/work/FreeCAD/Qt/6.8.3/gcc_64/lib/libQt6InputSupport.prl
2025-12-29 01:26:42,593 - aqt.updater - INFO - updater 139948311088000 Patching /home/runner/work/FreeCAD/Qt/6.8.3/gcc_64/lib/libQt6Widgets.prl
2025-12-29 01:26:42,594 - aqt.updater - INFO - updater 139948311088000 Patching /home/runner/work/FreeCAD/Qt/6.8.3/gcc_64/lib/libQt6Sql.prl
2025-12-29 01:26:42,594 - aqt.updater - INFO - updater 139948311088000 Patching /home/runner/work/FreeCAD/Qt/6.8.3/gcc_64/lib/libQt6QuickTestUtils.prl
2025-12-29 01:26:42,594 - aqt.updater - INFO - updater 139948311088000 Patching /home/runner/work/FreeCAD/Qt/6.8.3/gcc_64/lib/libQt6QmlModels.prl
2025-12-29 01:26:42,594 - aqt.updater - INFO - updater 139948311088000 Patching /home/runner/work/FreeCAD/Qt/6.8.3/gcc_64/lib/libQt6QuickControls2Basic.prl
2025-12-29 01:26:42,595 - aqt.updater - INFO - updater 139948311088000 Patching /home/runner/work/FreeCAD/Qt/6.8.3/gcc_64/lib/libQt6QuickTemplates2.prl
2025-12-29 01:26:42,595 - aqt.updater - INFO - updater 139948311088000 Patching /home/runner/work/FreeCAD/Qt/6.8.3/gcc_64/lib/libQt6UiTools.prl
2025-12-29 01:26:42,595 - aqt.updater - INFO - updater 139948311088000 Patching /home/runner/work/FreeCAD/Qt/6.8.3/gcc_64/lib/libQt6QmlDebug.prl
2025-12-29 01:26:42,595 - aqt.updater - INFO - updater 139948311088000 Patching /home/runner/work/FreeCAD/Qt/6.8.3/gcc_64/lib/libQt6QuickControls2Imagine.prl
2025-12-29 01:26:42,596 - aqt.updater - INFO - updater 139948311088000 Patching /home/runner/work/FreeCAD/Qt/6.8.3/gcc_64/lib/libQt6WaylandClient.prl
2025-12-29 01:26:42,596 - aqt.updater - INFO - updater 139948311088000 Patching /home/runner/work/FreeCAD/Qt/6.8.3/gcc_64/lib/libQt6PacketProtocol.prl
2025-12-29 01:26:42,596 - aqt.updater - INFO - updater 139948311088000 Patching /home/runner/work/FreeCAD/Qt/6.8.3/gcc_64/lib/libQt6OpenGLWidgets.prl
2025-12-29 01:26:42,596 - aqt.updater - INFO - updater 139948311088000 Patching /home/runner/work/FreeCAD/Qt/6.8.3/gcc_64/lib/libQt6LabsPlatform.prl
2025-12-29 01:26:42,596 - aqt.updater - INFO - updater 139948311088000 Patching /home/runner/work/FreeCAD/Qt/6.8.3/gcc_64/lib/libQt6Core.prl
2025-12-29 01:26:42,597 - aqt.updater - INFO - updater 139948311088000 Patching /home/runner/work/FreeCAD/Qt/6.8.3/gcc_64/lib/libQt6QuickControls2FusionStyleImpl.prl
2025-12-29 01:26:42,597 - aqt.updater - INFO - updater 139948311088000 Patching /home/runner/work/FreeCAD/Qt/6.8.3/gcc_64/lib/libQt6LabsSettings.prl
2025-12-29 01:26:42,597 - aqt.updater - INFO - updater 139948311088000 Patching /home/runner/work/FreeCAD/Qt/6.8.3/gcc_64/lib/libQt6QmlDom.prl
2025-12-29 01:26:42,597 - aqt.updater - INFO - updater 139948311088000 Patching /home/runner/work/FreeCAD/Qt/6.8.3/gcc_64/lib/libQt6Qml.prl
2025-12-29 01:26:42,597 - aqt.updater - INFO - updater 139948311088000 Patching /home/runner/work/FreeCAD/Qt/6.8.3/gcc_64/lib/libQt6QuickControls2UniversalStyleImpl.prl
2025-12-29 01:26:42,598 - aqt.updater - INFO - updater 139948311088000 Patching /home/runner/work/FreeCAD/Qt/6.8.3/gcc_64/lib/libQt6QuickLayouts.prl
2025-12-29 01:26:42,598 - aqt.updater - INFO - updater 139948311088000 Patching /home/runner/work/FreeCAD/Qt/6.8.3/gcc_64/lib/libQt6QuickControls2Impl.prl
2025-12-29 01:26:42,598 - aqt.updater - INFO - updater 139948311088000 Patching /home/runner/work/FreeCAD/Qt/6.8.3/gcc_64/lib/libQt6XcbQpa.prl
2025-12-29 01:26:42,598 - aqt.updater - INFO - updater 139948311088000 Patching /home/runner/work/FreeCAD/Qt/6.8.3/gcc_64/lib/libQt6QuickShapes.prl
2025-12-29 01:26:42,599 - aqt.updater - INFO - updater 139948311088000 Patching /home/runner/work/FreeCAD/Qt/6.8.3/gcc_64/lib/libQt6DeviceDiscoverySupport.prl
2025-12-29 01:26:42,599 - aqt.updater - INFO - updater 139948311088000 Patching /home/runner/work/FreeCAD/Qt/6.8.3/gcc_64/lib/libQt6QmlCompiler.prl
2025-12-29 01:26:42,599 - aqt.updater - INFO - updater 139948311088000 Patching /home/runner/work/FreeCAD/Qt/6.8.3/gcc_64/lib/libQt6QuickParticles.prl
2025-12-29 01:26:42,599 - aqt.updater - INFO - updater 139948311088000 Patching /home/runner/work/FreeCAD/Qt/6.8.3/gcc_64/lib/libQt6QuickControls2Universal.prl
2025-12-29 01:26:42,599 - aqt.updater - INFO - updater 139948311088000 Patching /home/runner/work/FreeCAD/Qt/6.8.3/gcc_64/lib/libQt6LabsWavefrontMesh.prl
2025-12-29 01:26:42,600 - aqt.updater - INFO - updater 139948311088000 Patching /home/runner/work/FreeCAD/Qt/6.8.3/gcc_64/lib/libQt6QmlXmlListModel.prl
2025-12-29 01:26:42,600 - aqt.updater - INFO - updater 139948311088000 Patching /home/runner/work/FreeCAD/Qt/6.8.3/gcc_64/lib/libQt6EglFsKmsSupport.prl
2025-12-29 01:26:42,600 - aqt.updater - INFO - updater 139948311088000 Patching /home/runner/work/FreeCAD/Qt/6.8.3/gcc_64/lib/libQt6LabsSharedImage.prl
2025-12-29 01:26:42,600 - aqt.updater - INFO - updater 139948311088000 Patching /home/runner/work/FreeCAD/Qt/6.8.3/gcc_64/lib/libQt6PrintSupport.prl
2025-12-29 01:26:42,601 - aqt.updater - INFO - updater 139948311088000 Patching /home/runner/work/FreeCAD/Qt/6.8.3/gcc_64/lib/libQt6QuickControls2Fusion.prl
2025-12-29 01:26:42,601 - aqt.updater - INFO - updater 139948311088000 Patching /home/runner/work/FreeCAD/Qt/6.8.3/gcc_64/lib/libQt6Designer.prl
2025-12-29 01:26:42,601 - aqt.updater - INFO - updater 139948311088000 Patching /home/runner/work/FreeCAD/Qt/6.8.3/gcc_64/lib/libQt6ExamplesAssetDownloader.prl
2025-12-29 01:26:42,601 - aqt.updater - INFO - updater 139948311088000 Patching /home/runner/work/FreeCAD/Qt/6.8.3/gcc_64/lib/libQt6QmlTypeRegistrar.prl
2025-12-29 01:26:42,601 - aqt.updater - INFO - updater 139948311088000 Patching /home/runner/work/FreeCAD/Qt/6.8.3/gcc_64/lib/libQt6LabsAnimation.prl
2025-12-29 01:26:42,602 - aqt.updater - INFO - updater 139948311088000 Patching /home/runner/work/FreeCAD/Qt/6.8.3/gcc_64/lib/libQt6QuickControls2Material.prl
2025-12-29 01:26:42,602 - aqt.updater - INFO - updater 139948311088000 Patching /home/runner/work/FreeCAD/Qt/6.8.3/gcc_64/lib/libQt6QmlCore.prl
2025-12-29 01:26:42,602 - aqt.updater - INFO - updater 139948311088000 Patching /home/runner/work/FreeCAD/Qt/6.8.3/gcc_64/lib/libQt6QmlAssetDownloader.prl
2025-12-29 01:26:42,602 - aqt.updater - INFO - updater 139948311088000 Patching /home/runner/work/FreeCAD/Qt/6.8.3/gcc_64/lib/libQt6Test.prl
2025-12-29 01:26:42,603 - aqt.main - INFO - installer 139948311088000 Finished installation
2025-12-29 01:26:42,603 - aqt.main - INFO - installer 139948311088000 Time elapsed: 28.22370450 second
